
> idaraworks@0.1.0 test:integration
> vitest run --config vitest.integration.config.ts tests/integration/bleed-harness.test.ts


 RUN  v4.1.10 C:/Users/abdul/Desktop/idaraworks

[integration setup] migrations: 0120_h27a_revenue_foundation.sql, 0121_h27b_opportunity_context.sql, 0122_h27c_consent_attribution.sql, 0123_h27d_forecast_targets.sql, 0124_h27e_success_merge_automation.sql
 ❯ tests/integration/bleed-harness.test.ts (2 tests) 937555ms

⎯⎯⎯⎯⎯⎯ Failed Suites 1 ⎯⎯⎯⎯⎯⎯⎯

 FAIL  tests/integration/bleed-harness.test.ts [ tests/integration/bleed-harness.test.ts ]
Error: Hook timed out in 180000ms.
If this is a long-running hook, pass a timeout value as the last argument or configure it globally with "hookTimeout".
 ❯ tests/integration/bleed-harness.test.ts:100:1
     98| }
     99|
    100| afterAll(async () => {
       | ^
    101|   const tables = await fkTopologicalOrder(await orgScopedTables());
    102|   /*

⎯⎯⎯⎯⎯⎯⎯⎯⎯⎯⎯⎯⎯⎯⎯⎯⎯⎯⎯⎯⎯⎯⎯⎯[1/1]⎯


 Test Files  1 failed (1)
      Tests  2 passed (2)
   Start at  23:46:36
   Duration  949.95s (transform 300ms, setup 23ms, import 1.07s, tests 937.56s, environment 0ms)

