// Vitest Snapshot v1, https://vitest.dev/guide/snapshot.html

exports[`job-page permission snapshot per role (doc 11 S2 testing) > matches the doc-06 grid snapshot 1`] = `
{
  "accounts": {
    "crew.manage": false,
    "jobs.create": false,
    "jobs.edit": false,
    "jobs.price.adjust": false,
    "jobs.price.manage": false,
    "jobs.progress.override": false,
    "jobs.view": true,
    "reports.create": false,
    "stages.reopen": false,
    "stages.request_complete": false,
    "stages.update": false,
    "tasks.manage": false,
    "tasks.update_status": false,
    "week.view": true,
  },
  "admin": {
    "crew.manage": true,
    "jobs.create": true,
    "jobs.edit": true,
    "jobs.price.adjust": false,
    "jobs.price.manage": true,
    "jobs.progress.override": true,
    "jobs.view": true,
    "reports.create": true,
    "stages.reopen": true,
    "stages.request_complete": true,
    "stages.update": true,
    "tasks.manage": true,
    "tasks.update_status": true,
    "week.view": true,
  },
  "foreman": {
    "crew.manage": false,
    "jobs.create": false,
    "jobs.edit": false,
    "jobs.price.adjust": false,
    "jobs.price.manage": false,
    "jobs.progress.override": false,
    "jobs.view": true,
    "reports.create": true,
    "stages.reopen": false,
    "stages.request_complete": true,
    "stages.update": false,
    "tasks.manage": false,
    "tasks.update_status": true,
    "week.view": true,
  },
  "manager": {
    "crew.manage": true,
    "jobs.create": true,
    "jobs.edit": true,
    "jobs.price.adjust": false,
    "jobs.price.manage": false,
    "jobs.progress.override": true,
    "jobs.view": true,
    "reports.create": true,
    "stages.reopen": true,
    "stages.request_complete": true,
    "stages.update": true,
    "tasks.manage": true,
    "tasks.update_status": true,
    "week.view": true,
  },
  "owner": {
    "crew.manage": true,
    "jobs.create": true,
    "jobs.edit": true,
    "jobs.price.adjust": true,
    "jobs.price.manage": true,
    "jobs.progress.override": true,
    "jobs.view": true,
    "reports.create": true,
    "stages.reopen": true,
    "stages.request_complete": true,
    "stages.update": true,
    "tasks.manage": true,
    "tasks.update_status": true,
    "week.view": true,
  },
  "procurement": {
    "crew.manage": false,
    "jobs.create": false,
    "jobs.edit": false,
    "jobs.price.adjust": false,
    "jobs.price.manage": false,
    "jobs.progress.override": false,
    "jobs.view": true,
    "reports.create": false,
    "stages.reopen": false,
    "stages.request_complete": false,
    "stages.update": false,
    "tasks.manage": false,
    "tasks.update_status": false,
    "week.view": true,
  },
  "viewer": {
    "crew.manage": false,
    "jobs.create": false,
    "jobs.edit": false,
    "jobs.price.adjust": false,
    "jobs.price.manage": false,
    "jobs.progress.override": false,
    "jobs.view": true,
    "reports.create": false,
    "stages.reopen": false,
    "stages.request_complete": false,
    "stages.update": false,
    "tasks.manage": false,
    "tasks.update_status": false,
    "week.view": true,
  },
}
`;
